[2022-05-17T18:20:16.126+0300][gc,init] CardTable entry size: 512
[2022-05-17T18:20:16.126+0300][gc     ] Using G1
[2022-05-17T18:20:16.127+0300][gc,init] Version: 18+0 (release)
[2022-05-17T18:20:16.127+0300][gc,init] CPUs: 8 total, 8 available
[2022-05-17T18:20:16.127+0300][gc,init] Memory: 16384M
[2022-05-17T18:20:16.127+0300][gc,init] Large Page Support: Disabled
[2022-05-17T18:20:16.127+0300][gc,init] NUMA Support: Disabled
[2022-05-17T18:20:16.127+0300][gc,init] Compressed Oops: Enabled (Zero based)
[2022-05-17T18:20:16.127+0300][gc,init] Heap Region Size: 1M
[2022-05-17T18:20:16.127+0300][gc,init] Heap Min Capacity: 512M
[2022-05-17T18:20:16.127+0300][gc,init] Heap Initial Capacity: 512M
[2022-05-17T18:20:16.127+0300][gc,init] Heap Max Capacity: 512M
[2022-05-17T18:20:16.127+0300][gc,init] Pre-touch: Disabled
[2022-05-17T18:20:16.127+0300][gc,init] Parallel Workers: 8
[2022-05-17T18:20:16.127+0300][gc,init] Concurrent Workers: 2
[2022-05-17T18:20:16.127+0300][gc,init] Concurrent Refinement Workers: 8
[2022-05-17T18:20:16.127+0300][gc,init] Periodic GC: Disabled
[2022-05-17T18:20:16.128+0300][gc,metaspace] CDS archive(s) mapped at: [0x0000000800000000-0x0000000800ba0000-0x0000000800ba0000), size 12189696, SharedBaseAddress: 0x0000000800000000, ArchiveRelocationMode: 0.
[2022-05-17T18:20:16.128+0300][gc,metaspace] Compressed class space mapped at: 0x0000000800c00000-0x0000000840c00000, reserved size: 1073741824
[2022-05-17T18:20:16.128+0300][gc,metaspace] Narrow klass base: 0x0000000800000000, Narrow klass shift: 0, Narrow klass range: 0x100000000
